####################
####################
####################
#####GRANDMA########
######E#############
######A#############
######L#############
######LOVES#########
######Y###O#########
##########L#########
##########V#########
########CRISSCROSSES
##########N#########
##########G#########
####################
####################
####################
####################
####################
####################
